[     349ms] [ERROR] THREE.GLTFLoader: Couldn't load texture blob:http://localhost:8080/47cc9463-8a79-46fc-a3ca-95f8bab5d855 @ https://aframe.io/releases/1.7.1/aframe.min.js:0
[     349ms] [ERROR] THREE.GLTFLoader: Couldn't load texture blob:http://localhost:8080/dee8640c-dd84-4e45-9af6-b1ffda13c33a @ https://aframe.io/releases/1.7.1/aframe.min.js:0
[     349ms] [ERROR] THREE.GLTFLoader: Couldn't load texture blob:http://localhost:8080/08d4a0db-c97b-4d8c-aabf-8521aed4af36 @ https://aframe.io/releases/1.7.1/aframe.min.js:0
[     349ms] [ERROR] THREE.GLTFLoader: Couldn't load texture blob:http://localhost:8080/d257a0c9-8c03-4217-80b9-ae0170939b0e @ https://aframe.io/releases/1.7.1/aframe.min.js:0
[     349ms] [ERROR] THREE.GLTFLoader: Couldn't load texture blob:http://localhost:8080/675ee1b9-3eba-49ff-8ebe-b7b4c3192565 @ https://aframe.io/releases/1.7.1/aframe.min.js:0
[     349ms] [ERROR] THREE.GLTFLoader: Couldn't load texture blob:http://localhost:8080/512e1bb3-2d6d-4723-b217-5e28bf7aeeb7 @ https://aframe.io/releases/1.7.1/aframe.min.js:0
[     350ms] [ERROR] THREE.GLTFLoader: Couldn't load texture blob:http://localhost:8080/5b01246d-2380-44e1-9702-5e651598f2a4 @ https://aframe.io/releases/1.7.1/aframe.min.js:0
[     350ms] [ERROR] THREE.GLTFLoader: Couldn't load texture blob:http://localhost:8080/b2576880-ce7e-4a72-a777-a0dae2609bfb @ https://aframe.io/releases/1.7.1/aframe.min.js:0
[     350ms] [ERROR] THREE.GLTFLoader: Couldn't load texture blob:http://localhost:8080/23390adb-d378-4d40-946a-32b57dab7fb6 @ https://aframe.io/releases/1.7.1/aframe.min.js:0
[     350ms] [ERROR] THREE.GLTFLoader: Couldn't load texture blob:http://localhost:8080/c127d488-90e6-4c94-88f4-4afd98a1078d @ https://aframe.io/releases/1.7.1/aframe.min.js:0
[     350ms] [ERROR] THREE.GLTFLoader: Couldn't load texture blob:http://localhost:8080/e4ed6038-e050-46f3-ba1b-85355bc2f566 @ https://aframe.io/releases/1.7.1/aframe.min.js:0
[     350ms] [ERROR] THREE.GLTFLoader: Couldn't load texture blob:http://localhost:8080/a77139e0-ef44-43a3-9599-94e6267b7943 @ https://aframe.io/releases/1.7.1/aframe.min.js:0
[     350ms] [ERROR] THREE.GLTFLoader: Couldn't load texture blob:http://localhost:8080/7c33d6ad-d5c2-4028-9eb0-217b77c2948b @ https://aframe.io/releases/1.7.1/aframe.min.js:0
[     350ms] [ERROR] THREE.GLTFLoader: Couldn't load texture blob:http://localhost:8080/7e0adc06-9383-4b33-8bc9-31f30dda2406 @ https://aframe.io/releases/1.7.1/aframe.min.js:0
[     350ms] [ERROR] THREE.GLTFLoader: Couldn't load texture blob:http://localhost:8080/e781471d-c308-48c1-ab99-9728bf72681c @ https://aframe.io/releases/1.7.1/aframe.min.js:0
[     350ms] [ERROR] THREE.GLTFLoader: Couldn't load texture blob:http://localhost:8080/67e1e47a-7e62-41a7-ab06-645040311815 @ https://aframe.io/releases/1.7.1/aframe.min.js:0
[     350ms] [ERROR] THREE.GLTFLoader: Couldn't load texture blob:http://localhost:8080/b61fa984-2bf4-4b05-aaaf-4777eaf3e5d0 @ https://aframe.io/releases/1.7.1/aframe.min.js:0
[     350ms] [ERROR] THREE.GLTFLoader: Couldn't load texture blob:http://localhost:8080/6692ed6a-2dea-4d60-86a9-7a20b8baf187 @ https://aframe.io/releases/1.7.1/aframe.min.js:0
[     351ms] [ERROR] THREE.GLTFLoader: Couldn't load texture blob:http://localhost:8080/dfb8827e-16db-467c-bff7-bebfdf5a8af1 @ https://aframe.io/releases/1.7.1/aframe.min.js:0
[     351ms] [ERROR] THREE.GLTFLoader: Couldn't load texture blob:http://localhost:8080/7129a38a-4bee-4386-83a5-478c1c92ef3c @ https://aframe.io/releases/1.7.1/aframe.min.js:0
[     351ms] [ERROR] THREE.GLTFLoader: Couldn't load texture blob:http://localhost:8080/90d10838-f09e-4d97-bda6-4b679285ba82 @ https://aframe.io/releases/1.7.1/aframe.min.js:0
[     351ms] [ERROR] THREE.GLTFLoader: Couldn't load texture blob:http://localhost:8080/145e881d-dd32-4e57-a5b9-43f6121be0dc @ https://aframe.io/releases/1.7.1/aframe.min.js:0
[     351ms] [ERROR] THREE.GLTFLoader: Couldn't load texture blob:http://localhost:8080/0388b77d-a13c-4444-aa08-23554579e3c7 @ https://aframe.io/releases/1.7.1/aframe.min.js:0
[     351ms] [ERROR] THREE.GLTFLoader: Couldn't load texture blob:http://localhost:8080/ea255cec-2163-45f8-9df2-5a4dd405e515 @ https://aframe.io/releases/1.7.1/aframe.min.js:0
[     351ms] [ERROR] THREE.GLTFLoader: Couldn't load texture blob:http://localhost:8080/76e62a20-8434-4cf9-96e3-83539eb5a1e1 @ https://aframe.io/releases/1.7.1/aframe.min.js:0
[     351ms] [ERROR] THREE.GLTFLoader: Couldn't load texture blob:http://localhost:8080/364b311d-ec91-413b-99a2-853bef7cce34 @ https://aframe.io/releases/1.7.1/aframe.min.js:0
[     351ms] [ERROR] THREE.GLTFLoader: Couldn't load texture blob:http://localhost:8080/a1781e3c-f0ae-4a16-82d8-d850ef65c3bc @ https://aframe.io/releases/1.7.1/aframe.min.js:0
[     351ms] [ERROR] THREE.GLTFLoader: Couldn't load texture blob:http://localhost:8080/7d8f7a59-1c1f-4ce7-823f-7a8d94d12e8b @ https://aframe.io/releases/1.7.1/aframe.min.js:0
[     351ms] [ERROR] THREE.GLTFLoader: Couldn't load texture blob:http://localhost:8080/b33beb07-b20a-4015-879c-cd35d79f1115 @ https://aframe.io/releases/1.7.1/aframe.min.js:0
[     351ms] [ERROR] THREE.GLTFLoader: Couldn't load texture blob:http://localhost:8080/7b36300c-307b-4a1e-a137-1dbf51185370 @ https://aframe.io/releases/1.7.1/aframe.min.js:0
[     351ms] [ERROR] THREE.GLTFLoader: Couldn't load texture blob:http://localhost:8080/b9b4f1cd-8694-4b95-a46e-314a6bc9c022 @ https://aframe.io/releases/1.7.1/aframe.min.js:0
[     352ms] [ERROR] THREE.GLTFLoader: Couldn't load texture blob:http://localhost:8080/6153bf85-0dad-4e1f-a81f-558f0cdbb05c @ https://aframe.io/releases/1.7.1/aframe.min.js:0
[     352ms] [ERROR] THREE.GLTFLoader: Couldn't load texture blob:http://localhost:8080/ab0a7287-d384-49ec-a086-e266862cbcf9 @ https://aframe.io/releases/1.7.1/aframe.min.js:0
[     352ms] [ERROR] THREE.GLTFLoader: Couldn't load texture blob:http://localhost:8080/7edad9e2-0c28-43f6-9bee-2bd4fade0af1 @ https://aframe.io/releases/1.7.1/aframe.min.js:0
[     352ms] [ERROR] THREE.GLTFLoader: Couldn't load texture blob:http://localhost:8080/a699c97d-b39b-4417-b877-12f9b6a7ae99 @ https://aframe.io/releases/1.7.1/aframe.min.js:0
[     352ms] [ERROR] THREE.GLTFLoader: Couldn't load texture blob:http://localhost:8080/39485bd0-714b-4039-9e86-b224833e214a @ https://aframe.io/releases/1.7.1/aframe.min.js:0
[     352ms] [ERROR] THREE.GLTFLoader: Couldn't load texture blob:http://localhost:8080/019012f5-d3dc-4d5d-97c1-0ef7828e8c90 @ https://aframe.io/releases/1.7.1/aframe.min.js:0
[     352ms] [ERROR] THREE.GLTFLoader: Couldn't load texture blob:http://localhost:8080/dc46b7ba-713c-4d88-9133-c3dcd8944620 @ https://aframe.io/releases/1.7.1/aframe.min.js:0
[     352ms] [ERROR] THREE.GLTFLoader: Couldn't load texture blob:http://localhost:8080/0d204ce9-f2b9-4023-8720-49ca366a0ff3 @ https://aframe.io/releases/1.7.1/aframe.min.js:0
[     352ms] [ERROR] THREE.GLTFLoader: Couldn't load texture blob:http://localhost:8080/bf516fe1-a47c-40c0-a635-328c4ce335e2 @ https://aframe.io/releases/1.7.1/aframe.min.js:0
[     352ms] [ERROR] THREE.GLTFLoader: Couldn't load texture blob:http://localhost:8080/1118a914-ae49-43f9-81c9-4730e28b74ba @ https://aframe.io/releases/1.7.1/aframe.min.js:0
[     353ms] [ERROR] THREE.GLTFLoader: Couldn't load texture blob:http://localhost:8080/e0c056c5-0943-45c9-96a9-4e31d029675e @ https://aframe.io/releases/1.7.1/aframe.min.js:0
[     353ms] [ERROR] THREE.GLTFLoader: Couldn't load texture blob:http://localhost:8080/2b368baf-ea89-49be-a377-33b1db5262e7 @ https://aframe.io/releases/1.7.1/aframe.min.js:0
[     353ms] [ERROR] THREE.GLTFLoader: Couldn't load texture blob:http://localhost:8080/e0f86e15-f705-40a5-bf50-ae42f90b6243 @ https://aframe.io/releases/1.7.1/aframe.min.js:0
[     353ms] [ERROR] THREE.GLTFLoader: Couldn't load texture blob:http://localhost:8080/d20311ee-ba88-4e73-a620-c53a218b6bb9 @ https://aframe.io/releases/1.7.1/aframe.min.js:0
[     353ms] [ERROR] THREE.GLTFLoader: Couldn't load texture blob:http://localhost:8080/376d8c1f-ace4-4f76-bb09-c548e18a18b5 @ https://aframe.io/releases/1.7.1/aframe.min.js:0
[     353ms] [ERROR] THREE.GLTFLoader: Couldn't load texture blob:http://localhost:8080/9977a5c7-a975-4bdd-92ab-7fcca9369b38 @ https://aframe.io/releases/1.7.1/aframe.min.js:0
[     353ms] [ERROR] THREE.GLTFLoader: Couldn't load texture blob:http://localhost:8080/2c7b1459-ea9b-4578-aee9-fad07fb96c19 @ https://aframe.io/releases/1.7.1/aframe.min.js:0
[     353ms] [ERROR] THREE.GLTFLoader: Couldn't load texture blob:http://localhost:8080/8543915e-2915-42d7-8ae9-2709cf2cef8e @ https://aframe.io/releases/1.7.1/aframe.min.js:0
[     353ms] [ERROR] THREE.GLTFLoader: Couldn't load texture blob:http://localhost:8080/ee6aed5c-98df-4a3c-8cb0-2e716b4b09d0 @ https://aframe.io/releases/1.7.1/aframe.min.js:0
[     353ms] [ERROR] THREE.GLTFLoader: Couldn't load texture blob:http://localhost:8080/d85eb6f1-ba8f-4977-88b2-cee188643a38 @ https://aframe.io/releases/1.7.1/aframe.min.js:0
[     353ms] [ERROR] THREE.GLTFLoader: Couldn't load texture blob:http://localhost:8080/31af2083-e795-455b-9fb5-d2a6e6560d70 @ https://aframe.io/releases/1.7.1/aframe.min.js:0
[     353ms] [ERROR] THREE.GLTFLoader: Couldn't load texture blob:http://localhost:8080/3231b0c3-2474-4de1-9df6-b18c70623d4f @ https://aframe.io/releases/1.7.1/aframe.min.js:0
[     354ms] [ERROR] THREE.GLTFLoader: Couldn't load texture blob:http://localhost:8080/e6b3ad88-ce68-4999-b4b1-911ff6c3ba8d @ https://aframe.io/releases/1.7.1/aframe.min.js:0
[     354ms] [ERROR] THREE.GLTFLoader: Couldn't load texture blob:http://localhost:8080/31e636da-cd01-4276-9add-e4d8f00bd95f @ https://aframe.io/releases/1.7.1/aframe.min.js:0
[     354ms] [ERROR] THREE.GLTFLoader: Couldn't load texture blob:http://localhost:8080/f354393e-d132-4929-a329-3e492c44bbf9 @ https://aframe.io/releases/1.7.1/aframe.min.js:0
[     354ms] [ERROR] THREE.GLTFLoader: Couldn't load texture blob:http://localhost:8080/9215d1c4-e524-4dcf-a2d0-354d515c21e2 @ https://aframe.io/releases/1.7.1/aframe.min.js:0
[     354ms] [ERROR] THREE.GLTFLoader: Couldn't load texture blob:http://localhost:8080/78ea5191-b86b-485e-97a6-c87b80b8252b @ https://aframe.io/releases/1.7.1/aframe.min.js:0
[     354ms] [ERROR] THREE.GLTFLoader: Couldn't load texture blob:http://localhost:8080/d63a9ef8-5a91-4eb2-970d-53b9436591cc @ https://aframe.io/releases/1.7.1/aframe.min.js:0
[     354ms] [ERROR] THREE.GLTFLoader: Couldn't load texture blob:http://localhost:8080/19c1f5bf-fd83-4c38-9d3c-12a90ed2ff0d @ https://aframe.io/releases/1.7.1/aframe.min.js:0
[     354ms] [ERROR] THREE.GLTFLoader: Couldn't load texture blob:http://localhost:8080/6087d4af-5332-4db5-bf0f-f5ae07d5c974 @ https://aframe.io/releases/1.7.1/aframe.min.js:0
[     354ms] [ERROR] THREE.GLTFLoader: Couldn't load texture blob:http://localhost:8080/b305ae9d-3dcb-4935-ada7-8a9e2cf2347d @ https://aframe.io/releases/1.7.1/aframe.min.js:0
[     354ms] [ERROR] THREE.GLTFLoader: Couldn't load texture blob:http://localhost:8080/ef96b743-e259-47ec-a08b-d00de9d5bbed @ https://aframe.io/releases/1.7.1/aframe.min.js:0
[     354ms] [ERROR] THREE.GLTFLoader: Couldn't load texture blob:http://localhost:8080/75fdb4fe-fd79-4cd3-b746-a49db593eeef @ https://aframe.io/releases/1.7.1/aframe.min.js:0
[     354ms] [ERROR] THREE.GLTFLoader: Couldn't load texture blob:http://localhost:8080/423bbb7b-0122-4853-bf49-5330b315caf9 @ https://aframe.io/releases/1.7.1/aframe.min.js:0
[     354ms] [ERROR] THREE.GLTFLoader: Couldn't load texture blob:http://localhost:8080/26741c0a-63ae-47eb-8eb6-b0e2c902af3d @ https://aframe.io/releases/1.7.1/aframe.min.js:0
[     355ms] [ERROR] THREE.GLTFLoader: Couldn't load texture blob:http://localhost:8080/2534b3bf-7000-485e-b06a-1afce0f9e28b @ https://aframe.io/releases/1.7.1/aframe.min.js:0
[     355ms] [ERROR] THREE.GLTFLoader: Couldn't load texture blob:http://localhost:8080/cec2fe5f-d0b4-4f50-b204-3239e5b16586 @ https://aframe.io/releases/1.7.1/aframe.min.js:0
[     355ms] [ERROR] THREE.GLTFLoader: Couldn't load texture blob:http://localhost:8080/30175cf4-9328-4d7f-988d-6385b46b3593 @ https://aframe.io/releases/1.7.1/aframe.min.js:0
[     355ms] [ERROR] THREE.GLTFLoader: Couldn't load texture blob:http://localhost:8080/b4653941-fdec-4eae-b21b-3aae424b9a6a @ https://aframe.io/releases/1.7.1/aframe.min.js:0
[     355ms] [ERROR] THREE.GLTFLoader: Couldn't load texture blob:http://localhost:8080/3163fa84-f5d2-4a24-a8ad-fa58f4d749ca @ https://aframe.io/releases/1.7.1/aframe.min.js:0
[     356ms] [ERROR] THREE.GLTFLoader: Couldn't load texture blob:http://localhost:8080/edb05fbd-650f-4776-84ef-4f8161a5dbf9 @ https://aframe.io/releases/1.7.1/aframe.min.js:0
[     356ms] [ERROR] THREE.GLTFLoader: Couldn't load texture blob:http://localhost:8080/bd48bacb-04e5-4491-aad8-5f5397ea0926 @ https://aframe.io/releases/1.7.1/aframe.min.js:0
[     356ms] [ERROR] THREE.GLTFLoader: Couldn't load texture blob:http://localhost:8080/c75fb226-c9f0-4647-a7e5-35b388cf3495 @ https://aframe.io/releases/1.7.1/aframe.min.js:0
[     356ms] [ERROR] THREE.GLTFLoader: Couldn't load texture blob:http://localhost:8080/28211930-4953-4601-8264-207e6067a2e2 @ https://aframe.io/releases/1.7.1/aframe.min.js:0
[     356ms] [ERROR] THREE.GLTFLoader: Couldn't load texture blob:http://localhost:8080/bec86cc8-4d92-4627-9fbb-47378febdd22 @ https://aframe.io/releases/1.7.1/aframe.min.js:0
[     356ms] [ERROR] THREE.GLTFLoader: Couldn't load texture blob:http://localhost:8080/ed075add-d521-4015-812c-e3e3eb5341df @ https://aframe.io/releases/1.7.1/aframe.min.js:0
[     356ms] [ERROR] THREE.GLTFLoader: Couldn't load texture blob:http://localhost:8080/daab7525-5abc-4765-b66f-f43fd2c2c277 @ https://aframe.io/releases/1.7.1/aframe.min.js:0
[     356ms] [ERROR] THREE.GLTFLoader: Couldn't load texture blob:http://localhost:8080/5f1c84e7-52a9-47ca-ace1-4200667938ca @ https://aframe.io/releases/1.7.1/aframe.min.js:0
[     356ms] [ERROR] THREE.GLTFLoader: Couldn't load texture blob:http://localhost:8080/0106e838-09df-4778-87fc-214bae9e2b63 @ https://aframe.io/releases/1.7.1/aframe.min.js:0
[     356ms] [ERROR] THREE.GLTFLoader: Couldn't load texture blob:http://localhost:8080/201d0f62-5629-4dcd-83c8-1a0988492fe9 @ https://aframe.io/releases/1.7.1/aframe.min.js:0
[     357ms] [ERROR] THREE.GLTFLoader: Couldn't load texture blob:http://localhost:8080/de5e727e-a24a-44f8-9246-c50ba32d7fbe @ https://aframe.io/releases/1.7.1/aframe.min.js:0
[     357ms] [ERROR] THREE.GLTFLoader: Couldn't load texture blob:http://localhost:8080/8bb08f6f-babe-4803-80d5-98e609084f4f @ https://aframe.io/releases/1.7.1/aframe.min.js:0
[     357ms] [ERROR] THREE.GLTFLoader: Couldn't load texture blob:http://localhost:8080/5e1d22d1-c133-40c8-86a5-8cd0595d823b @ https://aframe.io/releases/1.7.1/aframe.min.js:0
[     357ms] [ERROR] THREE.GLTFLoader: Couldn't load texture blob:http://localhost:8080/183071e4-972d-4a08-8b43-8ca52d1b54ec @ https://aframe.io/releases/1.7.1/aframe.min.js:0
[     357ms] [ERROR] THREE.GLTFLoader: Couldn't load texture blob:http://localhost:8080/27090a6d-34df-41f4-9f55-2624588618d8 @ https://aframe.io/releases/1.7.1/aframe.min.js:0
[     357ms] [ERROR] THREE.GLTFLoader: Couldn't load texture blob:http://localhost:8080/7c46f7b8-676b-4f42-ba34-d7587e3e8761 @ https://aframe.io/releases/1.7.1/aframe.min.js:0
[     357ms] [ERROR] THREE.GLTFLoader: Couldn't load texture blob:http://localhost:8080/1c11f7fd-22d4-4fb7-96a8-91d80c7221c6 @ https://aframe.io/releases/1.7.1/aframe.min.js:0
[     357ms] [ERROR] THREE.GLTFLoader: Couldn't load texture blob:http://localhost:8080/119c7b4a-20af-4ce4-a8a6-303c8cd5a97b @ https://aframe.io/releases/1.7.1/aframe.min.js:0
[     358ms] [ERROR] THREE.GLTFLoader: Couldn't load texture blob:http://localhost:8080/bd36df95-0d83-457a-86c7-2f59093cd2e5 @ https://aframe.io/releases/1.7.1/aframe.min.js:0
[     358ms] [ERROR] THREE.GLTFLoader: Couldn't load texture blob:http://localhost:8080/9d65b10e-5ec7-4f94-a612-91589a3f5c93 @ https://aframe.io/releases/1.7.1/aframe.min.js:0
[     358ms] [ERROR] THREE.GLTFLoader: Couldn't load texture blob:http://localhost:8080/7b740aa7-11b2-4253-ad96-f7361bb5b51e @ https://aframe.io/releases/1.7.1/aframe.min.js:0
[     358ms] [ERROR] THREE.GLTFLoader: Couldn't load texture blob:http://localhost:8080/c9a266c4-21a9-4f0c-80e5-1bc8699ec05e @ https://aframe.io/releases/1.7.1/aframe.min.js:0
[     358ms] [ERROR] THREE.GLTFLoader: Couldn't load texture blob:http://localhost:8080/ec442997-e1ac-4a1a-ab62-082381ef9902 @ https://aframe.io/releases/1.7.1/aframe.min.js:0
[     359ms] [ERROR] THREE.GLTFLoader: Couldn't load texture blob:http://localhost:8080/c48d061a-cec0-4e9a-9c21-6b434de951c4 @ https://aframe.io/releases/1.7.1/aframe.min.js:0
[     359ms] [ERROR] THREE.GLTFLoader: Couldn't load texture blob:http://localhost:8080/6d691aca-f899-407d-b8da-30b76e2bbf8b @ https://aframe.io/releases/1.7.1/aframe.min.js:0
[     359ms] [ERROR] THREE.GLTFLoader: Couldn't load texture blob:http://localhost:8080/bef3144c-0c75-48f0-8f89-82b9026ffdaa @ https://aframe.io/releases/1.7.1/aframe.min.js:0
[     359ms] [ERROR] THREE.GLTFLoader: Couldn't load texture blob:http://localhost:8080/a5147966-b0c4-4e1d-8e9c-027bd9a4771f @ https://aframe.io/releases/1.7.1/aframe.min.js:0
[     359ms] [ERROR] THREE.GLTFLoader: Couldn't load texture blob:http://localhost:8080/44db3bc0-9a30-4435-a4df-e8bc4d7201e8 @ https://aframe.io/releases/1.7.1/aframe.min.js:0
[     359ms] [ERROR] THREE.GLTFLoader: Couldn't load texture blob:http://localhost:8080/358d9df6-d123-494d-923a-e029ce65e8a6 @ https://aframe.io/releases/1.7.1/aframe.min.js:0
[     359ms] [ERROR] THREE.GLTFLoader: Couldn't load texture blob:http://localhost:8080/a2847766-03ed-4570-881d-a092f6a0cf00 @ https://aframe.io/releases/1.7.1/aframe.min.js:0
[     359ms] [ERROR] THREE.GLTFLoader: Couldn't load texture blob:http://localhost:8080/944cafc3-938f-47a4-a942-f96b608dfd5e @ https://aframe.io/releases/1.7.1/aframe.min.js:0
[     359ms] [ERROR] THREE.GLTFLoader: Couldn't load texture blob:http://localhost:8080/1b669d7f-1b87-4960-a482-0110569a625a @ https://aframe.io/releases/1.7.1/aframe.min.js:0
[     359ms] [ERROR] THREE.GLTFLoader: Couldn't load texture blob:http://localhost:8080/2bad1a06-8fe5-4957-a47f-82027f28c083 @ https://aframe.io/releases/1.7.1/aframe.min.js:0
[     359ms] [ERROR] THREE.GLTFLoader: Couldn't load texture blob:http://localhost:8080/9c18fce3-a2b5-413a-9127-256c0240a995 @ https://aframe.io/releases/1.7.1/aframe.min.js:0
[     360ms] [ERROR] THREE.GLTFLoader: Couldn't load texture blob:http://localhost:8080/68fa4f57-2d81-4394-bcf6-2d47724ad552 @ https://aframe.io/releases/1.7.1/aframe.min.js:0
[     360ms] [ERROR] THREE.GLTFLoader: Couldn't load texture blob:http://localhost:8080/ef8e79ad-84a8-4f38-8088-62b7d33dc984 @ https://aframe.io/releases/1.7.1/aframe.min.js:0
[     360ms] [ERROR] THREE.GLTFLoader: Couldn't load texture blob:http://localhost:8080/e77331c3-d57d-4b08-80bd-701f97c309d3 @ https://aframe.io/releases/1.7.1/aframe.min.js:0
[     360ms] [ERROR] THREE.GLTFLoader: Couldn't load texture blob:http://localhost:8080/17d1e3d0-acaf-4281-b7e8-29fa15ffb91f @ https://aframe.io/releases/1.7.1/aframe.min.js:0
[     361ms] [ERROR] THREE.GLTFLoader: Couldn't load texture blob:http://localhost:8080/5035030d-c760-4e10-883c-105673a87445 @ https://aframe.io/releases/1.7.1/aframe.min.js:0
[     361ms] [ERROR] THREE.GLTFLoader: Couldn't load texture blob:http://localhost:8080/71544e52-6348-4de8-ba6e-f47cf650e298 @ https://aframe.io/releases/1.7.1/aframe.min.js:0
[     361ms] [ERROR] THREE.GLTFLoader: Couldn't load texture blob:http://localhost:8080/c3755193-5e01-46ad-8a5a-d6e16196cab0 @ https://aframe.io/releases/1.7.1/aframe.min.js:0
[     361ms] [ERROR] THREE.GLTFLoader: Couldn't load texture blob:http://localhost:8080/c8b967e3-b394-4a1a-9a8d-5fcff10524a5 @ https://aframe.io/releases/1.7.1/aframe.min.js:0
[     361ms] [ERROR] THREE.GLTFLoader: Couldn't load texture blob:http://localhost:8080/81fd3683-3cef-4b85-bc7a-868c20344159 @ https://aframe.io/releases/1.7.1/aframe.min.js:0
[     361ms] [ERROR] THREE.GLTFLoader: Couldn't load texture blob:http://localhost:8080/46b908bd-10a0-4cc4-badf-3041cc1c50c1 @ https://aframe.io/releases/1.7.1/aframe.min.js:0
[     362ms] [ERROR] THREE.GLTFLoader: Couldn't load texture blob:http://localhost:8080/a633d542-0984-4fbb-ae56-8077cc1f4d46 @ https://aframe.io/releases/1.7.1/aframe.min.js:0
[     362ms] [ERROR] THREE.GLTFLoader: Couldn't load texture blob:http://localhost:8080/70c647fe-087d-4ae2-9ae0-ba1cceb5ae53 @ https://aframe.io/releases/1.7.1/aframe.min.js:0
[     362ms] [ERROR] THREE.GLTFLoader: Couldn't load texture blob:http://localhost:8080/765f3eef-ae35-40c7-bce6-9e65e5e9a2ca @ https://aframe.io/releases/1.7.1/aframe.min.js:0
[     362ms] [ERROR] THREE.GLTFLoader: Couldn't load texture blob:http://localhost:8080/6765635d-dec9-4add-a10a-c2267e585247 @ https://aframe.io/releases/1.7.1/aframe.min.js:0
[     362ms] [ERROR] THREE.GLTFLoader: Couldn't load texture blob:http://localhost:8080/45e265ad-98b6-4eef-9997-d1d47051fd37 @ https://aframe.io/releases/1.7.1/aframe.min.js:0
[     362ms] [ERROR] THREE.GLTFLoader: Couldn't load texture blob:http://localhost:8080/8d58e633-d125-427f-8feb-cf3986bca0f3 @ https://aframe.io/releases/1.7.1/aframe.min.js:0
[     362ms] [ERROR] THREE.GLTFLoader: Couldn't load texture blob:http://localhost:8080/6717fa47-0fbd-4868-9329-ee7e3495f587 @ https://aframe.io/releases/1.7.1/aframe.min.js:0
[     363ms] [ERROR] THREE.GLTFLoader: Couldn't load texture blob:http://localhost:8080/9354cd65-37bc-4be6-a552-d4d21f04b898 @ https://aframe.io/releases/1.7.1/aframe.min.js:0
[     363ms] [ERROR] THREE.GLTFLoader: Couldn't load texture blob:http://localhost:8080/39b9ecd4-ba6c-4e6b-b3a5-ef9a7f37b914 @ https://aframe.io/releases/1.7.1/aframe.min.js:0
[     363ms] [ERROR] THREE.GLTFLoader: Couldn't load texture blob:http://localhost:8080/e12da411-c744-4c78-8fde-4695669d62a3 @ https://aframe.io/releases/1.7.1/aframe.min.js:0
[     363ms] [ERROR] THREE.GLTFLoader: Couldn't load texture blob:http://localhost:8080/b14a3f4e-a8e1-4d2b-9d21-59e0785eda92 @ https://aframe.io/releases/1.7.1/aframe.min.js:0
[     363ms] [ERROR] THREE.GLTFLoader: Couldn't load texture blob:http://localhost:8080/5339d115-e28b-4298-8ed6-61762de36da9 @ https://aframe.io/releases/1.7.1/aframe.min.js:0
[     363ms] [ERROR] THREE.GLTFLoader: Couldn't load texture blob:http://localhost:8080/6d401cd5-e314-40e0-971c-d600ffcc6040 @ https://aframe.io/releases/1.7.1/aframe.min.js:0
[     363ms] [ERROR] THREE.GLTFLoader: Couldn't load texture blob:http://localhost:8080/8a117d0e-a234-4ba7-85a2-8dc0bab6c871 @ https://aframe.io/releases/1.7.1/aframe.min.js:0
[     363ms] [ERROR] THREE.GLTFLoader: Couldn't load texture blob:http://localhost:8080/81d5b835-61c5-4dcf-aa57-a7f33632758c @ https://aframe.io/releases/1.7.1/aframe.min.js:0
[     363ms] [ERROR] THREE.GLTFLoader: Couldn't load texture blob:http://localhost:8080/1a3d947f-c5bb-42d9-b7f5-04ea5bc6f7a2 @ https://aframe.io/releases/1.7.1/aframe.min.js:0
[     363ms] [ERROR] THREE.GLTFLoader: Couldn't load texture blob:http://localhost:8080/1d8b91d2-df22-4a4d-8ea4-232096f50ff4 @ https://aframe.io/releases/1.7.1/aframe.min.js:0
[     363ms] [ERROR] THREE.GLTFLoader: Couldn't load texture blob:http://localhost:8080/a55d84d2-3d23-42c8-9a2e-9d6d31e20f87 @ https://aframe.io/releases/1.7.1/aframe.min.js:0
[     363ms] [ERROR] THREE.GLTFLoader: Couldn't load texture blob:http://localhost:8080/2c762857-3f7e-42b4-8722-214df1bfd670 @ https://aframe.io/releases/1.7.1/aframe.min.js:0
[     364ms] [ERROR] THREE.GLTFLoader: Couldn't load texture blob:http://localhost:8080/adb43322-86af-4645-9648-0a26d55c3e92 @ https://aframe.io/releases/1.7.1/aframe.min.js:0
[     364ms] [ERROR] THREE.GLTFLoader: Couldn't load texture blob:http://localhost:8080/169816ea-9557-40a2-bca4-80e51d75e031 @ https://aframe.io/releases/1.7.1/aframe.min.js:0
[     364ms] [ERROR] THREE.GLTFLoader: Couldn't load texture blob:http://localhost:8080/2bf627d1-c617-42fc-989d-be5b9744b286 @ https://aframe.io/releases/1.7.1/aframe.min.js:0
[     364ms] [ERROR] THREE.GLTFLoader: Couldn't load texture blob:http://localhost:8080/bb976f00-78fe-4476-b768-f7835cf4cd3d @ https://aframe.io/releases/1.7.1/aframe.min.js:0
[     364ms] [ERROR] THREE.GLTFLoader: Couldn't load texture blob:http://localhost:8080/fe094fd6-50f5-487b-80d0-e8f4e5f05b82 @ https://aframe.io/releases/1.7.1/aframe.min.js:0
[     365ms] [ERROR] THREE.GLTFLoader: Couldn't load texture blob:http://localhost:8080/9359bcaf-d588-4ead-aa09-bd0c86eb9f62 @ https://aframe.io/releases/1.7.1/aframe.min.js:0
[     366ms] [ERROR] THREE.GLTFLoader: Couldn't load texture blob:http://localhost:8080/ba71aece-1558-421a-bb2f-1a87e1b9fea8 @ https://aframe.io/releases/1.7.1/aframe.min.js:0
[     366ms] [ERROR] THREE.GLTFLoader: Couldn't load texture blob:http://localhost:8080/fc3b57ba-b8e8-403e-9561-a4957aace248 @ https://aframe.io/releases/1.7.1/aframe.min.js:0
[     366ms] [ERROR] THREE.GLTFLoader: Couldn't load texture blob:http://localhost:8080/c627dc58-80c8-4493-86ef-9d60bdedfe4f @ https://aframe.io/releases/1.7.1/aframe.min.js:0
[     366ms] [ERROR] THREE.GLTFLoader: Couldn't load texture blob:http://localhost:8080/58239c32-e360-4e5d-9293-a40e30977981 @ https://aframe.io/releases/1.7.1/aframe.min.js:0
[     366ms] [ERROR] THREE.GLTFLoader: Couldn't load texture blob:http://localhost:8080/3a98d664-0f90-4c39-80af-de852f87a497 @ https://aframe.io/releases/1.7.1/aframe.min.js:0
[     366ms] [ERROR] THREE.GLTFLoader: Couldn't load texture blob:http://localhost:8080/2960f530-1b70-4a1f-a4ad-460788cfe3e6 @ https://aframe.io/releases/1.7.1/aframe.min.js:0
[     366ms] [ERROR] THREE.GLTFLoader: Couldn't load texture blob:http://localhost:8080/637e8437-b078-439a-b836-ff9e601ec3a4 @ https://aframe.io/releases/1.7.1/aframe.min.js:0
[     366ms] [ERROR] THREE.GLTFLoader: Couldn't load texture blob:http://localhost:8080/4b9ba275-324b-4fdb-b9f2-533088ca3398 @ https://aframe.io/releases/1.7.1/aframe.min.js:0
[     366ms] [ERROR] THREE.GLTFLoader: Couldn't load texture blob:http://localhost:8080/de7c2d78-5ab9-401b-b12e-2eb3153d4b7d @ https://aframe.io/releases/1.7.1/aframe.min.js:0
[     367ms] [ERROR] THREE.GLTFLoader: Couldn't load texture blob:http://localhost:8080/9d9a79c0-f7a2-49dc-b92e-3aa5d3089b64 @ https://aframe.io/releases/1.7.1/aframe.min.js:0
[     367ms] [ERROR] THREE.GLTFLoader: Couldn't load texture blob:http://localhost:8080/32ef93f3-aa8d-4290-9c20-7f78dd01783d @ https://aframe.io/releases/1.7.1/aframe.min.js:0
[     367ms] [ERROR] THREE.GLTFLoader: Couldn't load texture blob:http://localhost:8080/5da1e575-e484-409f-a9cc-03663f72a463 @ https://aframe.io/releases/1.7.1/aframe.min.js:0
[     367ms] [ERROR] THREE.GLTFLoader: Couldn't load texture blob:http://localhost:8080/063194d8-afb4-4e8d-8aa8-e2ec2782202c @ https://aframe.io/releases/1.7.1/aframe.min.js:0
[     367ms] [ERROR] THREE.GLTFLoader: Couldn't load texture blob:http://localhost:8080/fbcdd84c-ed1f-444c-8ffc-ed81eaf25015 @ https://aframe.io/releases/1.7.1/aframe.min.js:0
[     367ms] [ERROR] THREE.GLTFLoader: Couldn't load texture blob:http://localhost:8080/09f29151-880c-434a-8f32-40dc0dd9ca20 @ https://aframe.io/releases/1.7.1/aframe.min.js:0
[     367ms] [ERROR] THREE.GLTFLoader: Couldn't load texture blob:http://localhost:8080/adec546e-4d22-48f0-b347-b508d2414295 @ https://aframe.io/releases/1.7.1/aframe.min.js:0
[     367ms] [ERROR] THREE.GLTFLoader: Couldn't load texture blob:http://localhost:8080/5eb3b631-de7e-4cbd-84c3-17f2a73dd251 @ https://aframe.io/releases/1.7.1/aframe.min.js:0
[     367ms] [ERROR] THREE.GLTFLoader: Couldn't load texture blob:http://localhost:8080/47f8fada-21bf-4196-8480-d69a99780ba9 @ https://aframe.io/releases/1.7.1/aframe.min.js:0
[     368ms] [ERROR] THREE.GLTFLoader: Couldn't load texture blob:http://localhost:8080/0d45365e-c753-45b8-a97a-8adc2de1e11e @ https://aframe.io/releases/1.7.1/aframe.min.js:0
[     384ms] [ERROR] THREE.GLTFLoader: Couldn't load texture blob:http://localhost:8080/e36813ad-b015-481a-a462-065a397edb97 @ https://aframe.io/releases/1.7.1/aframe.min.js:0
[     384ms] [ERROR] THREE.GLTFLoader: Couldn't load texture blob:http://localhost:8080/7a279349-5f8e-4f28-a126-debeb569521d @ https://aframe.io/releases/1.7.1/aframe.min.js:0
[     384ms] [ERROR] THREE.GLTFLoader: Couldn't load texture blob:http://localhost:8080/7b142167-4e97-4439-843b-e323f41eb388 @ https://aframe.io/releases/1.7.1/aframe.min.js:0
[     384ms] [ERROR] THREE.GLTFLoader: Couldn't load texture blob:http://localhost:8080/e2f973ac-2b84-45b2-a737-ed0d24b8370f @ https://aframe.io/releases/1.7.1/aframe.min.js:0
[     385ms] [ERROR] THREE.GLTFLoader: Couldn't load texture blob:http://localhost:8080/ce3c3fb8-2c23-49e2-988a-9ced64b50942 @ https://aframe.io/releases/1.7.1/aframe.min.js:0
[     385ms] [ERROR] THREE.GLTFLoader: Couldn't load texture blob:http://localhost:8080/0fb211f2-a06c-4a69-8d78-e7ae7d5b34be @ https://aframe.io/releases/1.7.1/aframe.min.js:0
[     386ms] [ERROR] THREE.GLTFLoader: Couldn't load texture blob:http://localhost:8080/c7b9749c-3caa-49b3-bd16-352c6eb5194e @ https://aframe.io/releases/1.7.1/aframe.min.js:0
[    8681ms] [WARNING] THREE.GLTFLoader: Unknown extension "KHR_materials_pbrSpecularGlossiness". @ https://aframe.io/releases/1.7.1/aframe.min.js:0
[    8733ms] [WARNING] THREE.GLTFLoader: Unknown extension "KHR_materials_pbrSpecularGlossiness". @ https://aframe.io/releases/1.7.1/aframe.min.js:0
[    8814ms] [WARNING] THREE.GLTFLoader: Unknown extension "KHR_materials_pbrSpecularGlossiness". @ https://aframe.io/releases/1.7.1/aframe.min.js:0
[    8882ms] [WARNING] THREE.GLTFLoader: Unknown extension "KHR_materials_pbrSpecularGlossiness". @ https://aframe.io/releases/1.7.1/aframe.min.js:0
